2025-12-31 14:12:34.850 INFO  [N/A] [main] c.m.backend.BusiMonitorApplication - Starting BusiMonitorApplication using Java 17.0.17 with PID 26276 (/Users/yux/Documents/WorkSpace/busi-monitor/backend/target/classes started by yux in /Users/yux/Documents/WorkSpace/busi-monitor)
2025-12-31 14:12:34.851 DEBUG [N/A] [main] c.m.backend.BusiMonitorApplication - Running with Spring Boot v3.2.1, Spring v6.1.2
2025-12-31 14:12:34.851 INFO  [N/A] [main] c.m.backend.BusiMonitorApplication - The following 1 profile is active: "dev"
2025-12-31 14:12:35.215 INFO  [N/A] [main] o.s.b.c.c.annotation.BatchRegistrar - Finished Spring Batch infrastructure beans configuration in 3 ms.
2025-12-31 14:12:35.343 INFO  [N/A] [main] o.s.d.r.c.RepositoryConfigurationDelegate - Multiple Spring Data modules found, entering strict repository configuration mode
2025-12-31 14:12:35.344 INFO  [N/A] [main] o.s.d.r.c.RepositoryConfigurationDelegate - Bootstrapping Spring Data Redis repositories in DEFAULT mode.
2025-12-31 14:12:35.364 INFO  [N/A] [main] o.s.d.r.c.RepositoryConfigurationDelegate - Finished Spring Data repository scanning in 11 ms. Found 0 Redis repository interfaces.
2025-12-31 14:12:35.570 WARN  [N/A] [main] o.s.c.s.PostProcessorRegistrationDelegate$BeanPostProcessorChecker - Bean 'jobRegistry' of type [org.springframework.batch.core.configuration.support.MapJobRegistry] is not eligible for getting processed by all BeanPostProcessors (for example: not eligible for auto-proxying). Is this bean getting eagerly injected into a currently created BeanPostProcessor [jobRegistryBeanPostProcessor]? Check the corresponding BeanPostProcessor declaration and its dependencies.
2025-12-31 14:12:35.755 INFO  [N/A] [main] o.s.b.w.e.tomcat.TomcatWebServer - Tomcat initialized with port 8080 (http)
2025-12-31 14:12:35.761 INFO  [N/A] [main] o.a.catalina.core.StandardService - Starting service [Tomcat]
2025-12-31 14:12:35.761 INFO  [N/A] [main] o.a.catalina.core.StandardEngine - Starting Servlet engine: [Apache Tomcat/10.1.17]
2025-12-31 14:12:35.800 INFO  [N/A] [main] o.a.c.c.C.[Tomcat].[localhost].[/] - Initializing Spring embedded WebApplicationContext
2025-12-31 14:12:35.800 INFO  [N/A] [main] o.s.b.w.s.c.ServletWebServerApplicationContext - Root WebApplicationContext: initialization completed in 924 ms
2025-12-31 14:12:35.846 DEBUG [N/A] [main] c.m.b.config.JwtAuthenticationFilter - Filter 'jwtAuthenticationFilter' configured for use
2025-12-31 14:12:35.846 DEBUG [N/A] [main] c.m.backend.filter.TraceIdFilter - Filter 'traceIdFilter' configured for use
2025-12-31 14:12:36.251 INFO  [N/A] [main] com.zaxxer.hikari.HikariDataSource - HikariPool-1 - Starting...
2025-12-31 14:12:36.397 INFO  [N/A] [main] com.zaxxer.hikari.pool.HikariPool - HikariPool-1 - Added connection com.mysql.cj.jdbc.ConnectionImpl@46e6458d
2025-12-31 14:12:36.399 INFO  [N/A] [main] com.zaxxer.hikari.HikariDataSource - HikariPool-1 - Start completed.
2025-12-31 14:12:36.569 INFO  [N/A] [main] o.s.b.c.r.s.JobRepositoryFactoryBean - No database type set, using meta data indicating: MYSQL
2025-12-31 14:12:36.736 INFO  [N/A] [main] c.m.b.s.IntermediateStorageService - 中间缓存服务初始化完成，当前策略: FILE
2025-12-31 14:12:36.767 INFO  [N/A] [main] o.s.b.c.l.support.SimpleJobLauncher - No TaskExecutor has been set, defaulting to synchronous executor.
2025-12-31 14:12:36.783 WARN  [N/A] [main] o.s.b.c.l.AbstractListenerFactoryBean - org.springframework.batch.item.ItemReader is an interface. The implementing class will not be queried for annotation based listener configurations. If using @StepScope on a @Bean method, be sure to return the implementing class so listener annotations can be used.
2025-12-31 14:12:36.785 WARN  [N/A] [main] o.s.b.c.l.AbstractListenerFactoryBean - org.springframework.batch.item.ItemWriter is an interface. The implementing class will not be queried for annotation based listener configurations. If using @StepScope on a @Bean method, be sure to return the implementing class so listener annotations can be used.
2025-12-31 14:12:36.792 INFO  [N/A] [main] o.s.b.c.c.a.BatchObservabilityBeanPostProcessor - No Micrometer observation registry found, defaulting to ObservationRegistry.NOOP
2025-12-31 14:12:36.795 INFO  [N/A] [main] o.s.b.c.c.a.BatchObservabilityBeanPostProcessor - No Micrometer observation registry found, defaulting to ObservationRegistry.NOOP
2025-12-31 14:12:36.800 INFO  [N/A] [main] o.s.b.c.c.a.BatchObservabilityBeanPostProcessor - No Micrometer observation registry found, defaulting to ObservationRegistry.NOOP
2025-12-31 14:12:36.802 WARN  [N/A] [main] o.s.b.c.l.AbstractListenerFactoryBean - org.springframework.batch.item.ItemReader is an interface. The implementing class will not be queried for annotation based listener configurations. If using @StepScope on a @Bean method, be sure to return the implementing class so listener annotations can be used.
2025-12-31 14:12:36.802 WARN  [N/A] [main] o.s.b.c.l.AbstractListenerFactoryBean - org.springframework.batch.item.ItemWriter is an interface. The implementing class will not be queried for annotation based listener configurations. If using @StepScope on a @Bean method, be sure to return the implementing class so listener annotations can be used.
2025-12-31 14:12:36.802 WARN  [N/A] [main] o.s.b.c.l.AbstractListenerFactoryBean - org.springframework.batch.item.ItemProcessor is an interface. The implementing class will not be queried for annotation based listener configurations. If using @StepScope on a @Bean method, be sure to return the implementing class so listener annotations can be used.
2025-12-31 14:12:36.802 INFO  [N/A] [main] o.s.b.c.c.a.BatchObservabilityBeanPostProcessor - No Micrometer observation registry found, defaulting to ObservationRegistry.NOOP
2025-12-31 14:12:36.803 INFO  [N/A] [main] o.s.b.c.c.a.BatchObservabilityBeanPostProcessor - No Micrometer observation registry found, defaulting to ObservationRegistry.NOOP
2025-12-31 14:12:36.832 DEBUG [N/A] [main] c.m.b.m.S.findAllActive - ==>  Preparing: SELECT id, name, server_id, template_id, collect_script, params, threshold_rule, cron_expression, alarm_channels, alarm_template_id, is_active, last_run_time, last_run_status, last_run_value, create_time, update_time FROM server_monitor_task WHERE is_active = 1
2025-12-31 14:12:36.843 DEBUG [N/A] [main] c.m.b.m.S.findAllActive - ==> Parameters: 
2025-12-31 14:12:36.861 DEBUG [N/A] [main] c.m.b.m.S.findAllActive - <==      Total: 4
2025-12-31 14:12:36.864 INFO  [N/A] [main] c.m.b.s.ServerMonitorTaskScheduler - 调度服务器监控任务: 磁盘使用率 (Cron: 0 */5 * * * ?)
2025-12-31 14:12:36.864 INFO  [N/A] [main] c.m.b.s.ServerMonitorTaskScheduler - 调度服务器监控任务: 内存使用率 (Cron: 0 */5 * * * ?)
2025-12-31 14:12:36.864 INFO  [N/A] [main] c.m.b.s.ServerMonitorTaskScheduler - 调度服务器监控任务: 网络连通性 (Cron: 0 */5 * * * ?)
2025-12-31 14:12:36.865 INFO  [N/A] [main] c.m.b.s.ServerMonitorTaskScheduler - 调度服务器监控任务: 内存使用率 (Cron: 0 */5 * * * ?)
2025-12-31 14:12:36.865 INFO  [N/A] [main] c.m.b.s.ServerMonitorTaskScheduler - 初始化服务器监控任务调度器，共 4 个活跃任务
2025-12-31 14:12:36.867 DEBUG [N/A] [main] c.m.b.m.M.findAllActive - ==>  Preparing: SELECT id, name, datasource_id, sql_script, cron_expression, is_active, result_type, alarm_threshold_rule, chart_config, is_store_data, create_time, update_time FROM monitor_task WHERE is_active = 1
2025-12-31 14:12:36.867 DEBUG [N/A] [main] c.m.b.m.M.findAllActive - ==> Parameters: 
2025-12-31 14:12:36.871 DEBUG [N/A] [main] c.m.b.m.M.findAllActive - <==      Total: 1
2025-12-31 14:12:36.871 INFO  [N/A] [main] c.m.b.service.TaskMonitoringService - Scheduled task: 订购统计 (Cron: 0 0 * * * ?)
2025-12-31 14:12:36.871 INFO  [N/A] [main] c.m.b.service.TaskMonitoringService - Initialized 1 monitoring tasks.
2025-12-31 14:12:36.915 WARN  [N/A] [main] o.s.b.a.s.s.UserDetailsServiceAutoConfiguration - 

Using generated security password: 9bb7369d-3c88-44eb-8fab-fc0c6e77a97f

This generated password is for development use only. Your security configuration must be updated before running your application in production.

2025-12-31 14:12:36.989 DEBUG [N/A] [main] o.s.w.s.s.s.WebSocketHandlerMapping - Patterns [/api/ws/**] in 'stompWebSocketHandlerMapping'
2025-12-31 14:12:37.050 DEBUG [N/A] [main] o.s.w.s.m.m.a.RequestMappingHandlerMapping - 105 mappings in 'requestMappingHandlerMapping'
2025-12-31 14:12:37.070 DEBUG [N/A] [main] o.s.w.s.h.SimpleUrlHandlerMapping - Patterns [/webjars/**, /**] in 'resourceHandlerMapping'
2025-12-31 14:12:37.099 INFO  [N/A] [main] o.s.s.web.DefaultSecurityFilterChain - Will secure any request with [org.springframework.security.web.session.DisableEncodeUrlFilter@24888d8b, org.springframework.security.web.context.request.async.WebAsyncManagerIntegrationFilter@750b200b, org.springframework.security.web.context.SecurityContextHolderFilter@255d4d7, org.springframework.security.web.header.HeaderWriterFilter@4dd425dc, org.springframework.web.filter.CorsFilter@55c581e4, org.springframework.security.web.authentication.logout.LogoutFilter@3f12676, com.monitor.backend.config.JwtAuthenticationFilter@69e2fe3b, org.springframework.security.web.savedrequest.RequestCacheAwareFilter@2cfd9b0a, org.springframework.security.web.servletapi.SecurityContextHolderAwareRequestFilter@1f3dafd4, org.springframework.security.web.authentication.AnonymousAuthenticationFilter@eaa07bb, org.springframework.security.web.session.SessionManagementFilter@1bfb60b7, org.springframework.security.web.access.ExceptionTranslationFilter@2afe825a, org.springframework.security.web.access.intercept.AuthorizationFilter@1c09bb7a]
2025-12-31 14:12:37.136 DEBUG [N/A] [main] o.s.w.s.m.WebSocketAnnotationMethodMessageHandler - 
	c.m.b.c.AlarmController:
	
2025-12-31 14:12:37.136 DEBUG [N/A] [main] o.s.w.s.m.WebSocketAnnotationMethodMessageHandler - 
	c.m.b.c.AuthController:
	
2025-12-31 14:12:37.136 DEBUG [N/A] [main] o.s.w.s.m.WebSocketAnnotationMethodMessageHandler - 
	c.m.b.c.BatchMonitorController:
	
2025-12-31 14:12:37.136 DEBUG [N/A] [main] o.s.w.s.m.WebSocketAnnotationMethodMessageHandler - 
	c.m.b.c.DashboardController:
	
2025-12-31 14:12:37.136 DEBUG [N/A] [main] o.s.w.s.m.WebSocketAnnotationMethodMessageHandler - 
	c.m.b.c.DataSourceController:
	
2025-12-31 14:12:37.136 DEBUG [N/A] [main] o.s.w.s.m.WebSocketAnnotationMethodMessageHandler - 
	c.m.b.c.MonitorTemplateController:
	
2025-12-31 14:12:37.136 DEBUG [N/A] [main] o.s.w.s.m.WebSocketAnnotationMethodMessageHandler - 
	c.m.b.c.ServerAssetController:
	
2025-12-31 14:12:37.136 DEBUG [N/A] [main] o.s.w.s.m.WebSocketAnnotationMethodMessageHandler - 
	c.m.b.c.ServerGroupController:
	
2025-12-31 14:12:37.137 DEBUG [N/A] [main] o.s.w.s.m.WebSocketAnnotationMethodMessageHandler - 
	c.m.b.c.ServerMonitorTaskController:
	
2025-12-31 14:12:37.137 DEBUG [N/A] [main] o.s.w.s.m.WebSocketAnnotationMethodMessageHandler - 
	c.m.b.c.StatsController:
	
2025-12-31 14:12:37.137 DEBUG [N/A] [main] o.s.w.s.m.WebSocketAnnotationMethodMessageHandler - 
	c.m.b.c.TaskController:
	
2025-12-31 14:12:37.137 DEBUG [N/A] [main] o.s.w.s.m.WebSocketAnnotationMethodMessageHandler - 
	c.m.b.c.UserController:
	
2025-12-31 14:12:37.137 DEBUG [N/A] [main] o.s.w.s.m.WebSocketAnnotationMethodMessageHandler - 
	c.m.b.c.WorkflowController:
	
2025-12-31 14:12:37.137 DEBUG [N/A] [main] o.s.w.s.m.WebSocketAnnotationMethodMessageHandler - 
	o.s.b.a.w.s.e.BasicErrorController:
	
2025-12-31 14:12:37.167 DEBUG [N/A] [main] o.s.w.s.m.m.a.RequestMappingHandlerAdapter - ControllerAdvice beans: 0 @ModelAttribute, 0 @InitBinder, 1 RequestBodyAdvice, 1 ResponseBodyAdvice
2025-12-31 14:12:37.185 DEBUG [N/A] [main] o.s.w.s.m.m.a.ExceptionHandlerExceptionResolver - ControllerAdvice beans: 1 @ExceptionHandler, 1 ResponseBodyAdvice
2025-12-31 14:12:37.417 INFO  [N/A] [main] org.quartz.impl.StdSchedulerFactory - Using default implementation for ThreadExecutor
2025-12-31 14:12:37.423 INFO  [N/A] [main] o.quartz.core.SchedulerSignalerImpl - Initialized Scheduler Signaller of type: class org.quartz.core.SchedulerSignalerImpl
2025-12-31 14:12:37.423 INFO  [N/A] [main] org.quartz.core.QuartzScheduler - Quartz Scheduler v.2.3.2 created.
2025-12-31 14:12:37.423 INFO  [N/A] [main] org.quartz.simpl.RAMJobStore - RAMJobStore initialized.
2025-12-31 14:12:37.424 INFO  [N/A] [main] org.quartz.core.QuartzScheduler - Scheduler meta-data: Quartz Scheduler (v2.3.2) 'quartzScheduler' with instanceId 'NON_CLUSTERED'
  Scheduler class: 'org.quartz.core.QuartzScheduler' - running locally.
  NOT STARTED.
  Currently in standby mode.
  Number of jobs executed: 0
  Using thread pool 'org.quartz.simpl.SimpleThreadPool' - with 10 threads.
  Using job-store 'org.quartz.simpl.RAMJobStore' - which does not support persistence. and is not clustered.

2025-12-31 14:12:37.424 INFO  [N/A] [main] org.quartz.impl.StdSchedulerFactory - Quartz scheduler 'quartzScheduler' initialized from an externally provided properties instance.
2025-12-31 14:12:37.424 INFO  [N/A] [main] org.quartz.impl.StdSchedulerFactory - Quartz scheduler version: 2.3.2
2025-12-31 14:12:37.424 INFO  [N/A] [main] org.quartz.core.QuartzScheduler - JobFactory set to: org.springframework.scheduling.quartz.SpringBeanJobFactory@73cfafd8
2025-12-31 14:12:37.450 INFO  [N/A] [main] o.s.b.w.e.tomcat.TomcatWebServer - Tomcat started on port 8080 (http) with context path ''
2025-12-31 14:12:37.451 DEBUG [N/A] [main] org.springframework.web.SimpLogging - clientOutboundChannel added SubProtocolWebSocketHandler[StompSubProtocolHandler[v10.stomp, v11.stomp, v12.stomp]]
2025-12-31 14:12:37.451 DEBUG [N/A] [main] org.springframework.web.SimpLogging - clientInboundChannel added WebSocketAnnotationMethodMessageHandler[prefixes=[/app/]]
2025-12-31 14:12:37.451 INFO  [N/A] [main] o.s.m.s.b.SimpleBrokerMessageHandler - Starting...
2025-12-31 14:12:37.451 DEBUG [N/A] [main] org.springframework.web.SimpLogging - clientInboundChannel added SimpleBrokerMessageHandler [org.springframework.messaging.simp.broker.DefaultSubscriptionRegistry@27f8f1cc]
2025-12-31 14:12:37.451 DEBUG [N/A] [main] org.springframework.web.SimpLogging - brokerChannel added SimpleBrokerMessageHandler [org.springframework.messaging.simp.broker.DefaultSubscriptionRegistry@27f8f1cc]
2025-12-31 14:12:37.451 INFO  [N/A] [main] o.s.m.s.b.SimpleBrokerMessageHandler - BrokerAvailabilityEvent[available=true, SimpleBrokerMessageHandler [org.springframework.messaging.simp.broker.DefaultSubscriptionRegistry@27f8f1cc]]
2025-12-31 14:12:37.452 INFO  [N/A] [main] o.s.m.s.b.SimpleBrokerMessageHandler - Started.
2025-12-31 14:12:37.452 DEBUG [N/A] [main] org.springframework.web.SimpLogging - clientInboundChannel added UserDestinationMessageHandler[DefaultUserDestinationResolver[prefix=/user/]]
2025-12-31 14:12:37.452 DEBUG [N/A] [main] org.springframework.web.SimpLogging - brokerChannel added UserDestinationMessageHandler[DefaultUserDestinationResolver[prefix=/user/]]
2025-12-31 14:12:37.452 INFO  [N/A] [main] o.s.s.quartz.SchedulerFactoryBean - Starting Quartz Scheduler now
2025-12-31 14:12:37.452 INFO  [N/A] [main] org.quartz.core.QuartzScheduler - Scheduler quartzScheduler_$_NON_CLUSTERED started.
2025-12-31 14:12:37.458 INFO  [N/A] [main] c.m.backend.BusiMonitorApplication - Started BusiMonitorApplication in 2.863 seconds (process running for 8.71)
2025-12-31 14:12:37.469 DEBUG [N/A] [MessageBroker-1] c.m.b.m.A.findNeedEscalation - ==>  Preparing: SELECT id, task_id, task_type, trigger_type, trigger_value, threshold_value, first_trigger_time, last_trigger_time, trigger_count, status, level, acknowledge_by, acknowledge_time, resolve_time, suppressed_until, message, create_time, update_time FROM alarm_active WHERE status = 'FIRING' AND TIMESTAMPDIFF(MINUTE, first_trigger_time, NOW()) >= ? ORDER BY first_trigger_time ASC
2025-12-31 14:12:37.470 DEBUG [N/A] [MessageBroker-1] c.m.b.m.A.findNeedEscalation - ==> Parameters: 30(Integer)
2025-12-31 14:12:37.473 DEBUG [N/A] [MessageBroker-1] c.m.b.m.A.findNeedEscalation - <==      Total: 0
2025-12-31 14:12:37.481 DEBUG [N/A] [MessageBroker-2] c.m.b.s.PerformanceMetricsService - Job workflowDataExtractionJob 当前运行数: 0
2025-12-31 14:13:10.675 INFO  [N/A] [http-nio-8080-exec-3] o.a.c.c.C.[Tomcat].[localhost].[/] - Initializing Spring DispatcherServlet 'dispatcherServlet'
2025-12-31 14:13:10.676 INFO  [N/A] [http-nio-8080-exec-3] o.s.web.servlet.DispatcherServlet - Initializing Servlet 'dispatcherServlet'
2025-12-31 14:13:10.679 DEBUG [N/A] [http-nio-8080-exec-3] o.s.web.servlet.DispatcherServlet - Detected StandardServletMultipartResolver
2025-12-31 14:13:10.680 DEBUG [N/A] [http-nio-8080-exec-3] o.s.web.servlet.DispatcherServlet - Detected AcceptHeaderLocaleResolver
2025-12-31 14:13:10.680 DEBUG [N/A] [http-nio-8080-exec-3] o.s.web.servlet.DispatcherServlet - Detected FixedThemeResolver
2025-12-31 14:13:10.687 DEBUG [N/A] [http-nio-8080-exec-3] o.s.web.servlet.DispatcherServlet - Detected org.springframework.web.servlet.view.DefaultRequestToViewNameTranslator@5af1b221
2025-12-31 14:13:10.687 DEBUG [N/A] [http-nio-8080-exec-3] o.s.web.servlet.DispatcherServlet - Detected org.springframework.web.servlet.support.SessionFlashMapManager@27bc2650
2025-12-31 14:13:10.687 DEBUG [N/A] [http-nio-8080-exec-3] o.s.web.servlet.DispatcherServlet - enableLoggingRequestDetails='false': request parameters and headers will be masked to prevent unsafe logging of potentially sensitive data
2025-12-31 14:13:10.689 INFO  [N/A] [http-nio-8080-exec-3] o.s.web.servlet.DispatcherServlet - Completed initialization in 10 ms
2025-12-31 14:13:10.730 DEBUG [792f9324439547a4] [http-nio-8080-exec-3] o.s.web.servlet.DispatcherServlet - GET "/api/ws/info?t=1767161590619", parameters={masked}
2025-12-31 14:13:10.733 DEBUG [792f9324439547a4] [http-nio-8080-exec-3] o.s.w.s.s.s.WebSocketHandlerMapping - Mapped to org.springframework.web.socket.sockjs.support.SockJsHttpRequestHandler@6f926d01
2025-12-31 14:13:10.735 DEBUG [792f9324439547a4] [http-nio-8080-exec-3] o.s.w.s.s.t.h.DefaultSockJsService - Processing transport request: GET http://localhost:8080/api/ws/info?t=1767161590619
2025-12-31 14:13:10.779 DEBUG [792f9324439547a4] [http-nio-8080-exec-3] o.s.web.servlet.DispatcherServlet - Completed 200 OK
2025-12-31 14:13:10.807 DEBUG [9aff17c07076462b] [http-nio-8080-exec-6] o.s.web.servlet.DispatcherServlet - GET "/api/ws/029/dkl2n053/websocket", parameters={}
2025-12-31 14:13:10.807 DEBUG [9aff17c07076462b] [http-nio-8080-exec-6] o.s.w.s.s.s.WebSocketHandlerMapping - Mapped to org.springframework.web.socket.sockjs.support.SockJsHttpRequestHandler@6f926d01
2025-12-31 14:13:10.808 DEBUG [9aff17c07076462b] [http-nio-8080-exec-6] o.s.w.s.s.t.h.DefaultSockJsService - Processing transport request: GET http://localhost:8080/api/ws/029/dkl2n053/websocket
2025-12-31 14:13:10.837 DEBUG [9aff17c07076462b] [http-nio-8080-exec-6] o.s.web.servlet.DispatcherServlet - Completed 101 SWITCHING_PROTOCOLS
2025-12-31 14:13:10.845 DEBUG [N/A] [http-nio-8080-exec-6] o.s.w.s.h.LoggingWebSocketHandlerDecorator - New WebSocketServerSockJsSession[id=dkl2n053]
2025-12-31 14:13:10.874 DEBUG [N/A] [clientInboundChannel-2] org.springframework.web.SimpLogging - Processing CONNECT session=dkl2n053
2025-12-31 14:13:10.880 DEBUG [N/A] [clientInboundChannel-5] org.springframework.web.SimpLogging - Processing SUBSCRIBE /topic/alarm id=sub-0 session=dkl2n053
2025-12-31 14:13:10.895 DEBUG [3365bf87a54342ac] [http-nio-8080-exec-5] o.s.web.servlet.DispatcherServlet - GET "/api/task", parameters={}
2025-12-31 14:13:10.895 DEBUG [cfc360e0f4314ce5] [http-nio-8080-exec-4] o.s.web.servlet.DispatcherServlet - GET "/api/alarm/active", parameters={}
2025-12-31 14:13:10.895 DEBUG [3365bf87a54342ac] [http-nio-8080-exec-5] o.s.w.s.m.m.a.RequestMappingHandlerMapping - Mapped to com.monitor.backend.controller.TaskController#list()
2025-12-31 14:13:10.895 DEBUG [cfc360e0f4314ce5] [http-nio-8080-exec-4] o.s.w.s.m.m.a.RequestMappingHandlerMapping - Mapped to com.monitor.backend.controller.AlarmController#getActiveAlarms()
2025-12-31 14:13:10.914 DEBUG [cfc360e0f4314ce5] [http-nio-8080-exec-4] c.m.b.m.A.findAllActive - ==>  Preparing: SELECT id, task_id, task_type, trigger_type, trigger_value, threshold_value, first_trigger_time, last_trigger_time, trigger_count, status, level, acknowledge_by, acknowledge_time, resolve_time, suppressed_until, message, create_time, update_time FROM alarm_active WHERE status != 'RESOLVED' ORDER BY last_trigger_time DESC
2025-12-31 14:13:10.914 DEBUG [3365bf87a54342ac] [http-nio-8080-exec-5] c.m.b.m.MonitorTaskMapper.findAll - ==>  Preparing: SELECT id, name, datasource_id, sql_script, cron_expression, is_active, result_type, alarm_threshold_rule, chart_config, is_store_data, create_time, update_time FROM monitor_task
2025-12-31 14:13:10.914 DEBUG [cfc360e0f4314ce5] [http-nio-8080-exec-4] c.m.b.m.A.findAllActive - ==> Parameters: 
2025-12-31 14:13:10.914 DEBUG [3365bf87a54342ac] [http-nio-8080-exec-5] c.m.b.m.MonitorTaskMapper.findAll - ==> Parameters: 
2025-12-31 14:13:10.920 DEBUG [cfc360e0f4314ce5] [http-nio-8080-exec-4] c.m.b.m.A.findAllActive - <==      Total: 0
2025-12-31 14:13:10.920 DEBUG [3365bf87a54342ac] [http-nio-8080-exec-5] c.m.b.m.MonitorTaskMapper.findAll - <==      Total: 3
2025-12-31 14:13:10.943 DEBUG [3365bf87a54342ac] [http-nio-8080-exec-5] o.s.w.s.m.m.a.RequestResponseBodyMethodProcessor - Using 'application/json', given [application/json, text/plain, */*] and supported [application/json, application/*+json]
2025-12-31 14:13:10.943 DEBUG [cfc360e0f4314ce5] [http-nio-8080-exec-4] o.s.w.s.m.m.a.RequestResponseBodyMethodProcessor - Using 'application/json', given [application/json, text/plain, */*] and supported [application/json, application/*+json]
2025-12-31 14:13:10.945 DEBUG [cfc360e0f4314ce5] [http-nio-8080-exec-4] o.s.w.s.m.m.a.RequestResponseBodyMethodProcessor - Writing [ApiResponse(success=true, code=0, message=操作成功, data=[])]
2025-12-31 14:13:10.947 DEBUG [3365bf87a54342ac] [http-nio-8080-exec-5] o.s.w.s.m.m.a.RequestResponseBodyMethodProcessor - Writing [ApiResponse(success=true, code=0, message=操作成功, data=[MonitorTask(id=1, name=用户订购统计, datasourceId=1, (truncated)...]
2025-12-31 14:13:10.951 DEBUG [cfc360e0f4314ce5] [http-nio-8080-exec-4] o.s.web.servlet.DispatcherServlet - Completed 200 OK
2025-12-31 14:13:10.953 DEBUG [3365bf87a54342ac] [http-nio-8080-exec-5] o.s.web.servlet.DispatcherServlet - Completed 200 OK
2025-12-31 14:13:10.973 DEBUG [c17e0349e2ea41e9] [http-nio-8080-exec-10] o.s.web.servlet.DispatcherServlet - GET "/api/stats/6", parameters={}
2025-12-31 14:13:10.973 DEBUG [c17e0349e2ea41e9] [http-nio-8080-exec-10] o.s.w.s.m.m.a.RequestMappingHandlerMapping - Mapped to com.monitor.backend.controller.StatsController#getRecentStats(Long, int)
2025-12-31 14:13:10.980 DEBUG [c17e0349e2ea41e9] [http-nio-8080-exec-10] c.m.b.m.M.findRecentByTaskId - ==>  Preparing: SELECT id, task_id, execution_time, is_success, error_message, result_number, result_json FROM monitor_record WHERE task_id = ? ORDER BY execution_time DESC LIMIT ?
2025-12-31 14:13:10.981 DEBUG [c17e0349e2ea41e9] [http-nio-8080-exec-10] c.m.b.m.M.findRecentByTaskId - ==> Parameters: 6(Long), 10(Integer)
2025-12-31 14:13:10.991 DEBUG [c17e0349e2ea41e9] [http-nio-8080-exec-10] c.m.b.m.M.findRecentByTaskId - <==      Total: 10
2025-12-31 14:13:11.008 WARN  [c17e0349e2ea41e9] [http-nio-8080-exec-10] c.m.b.service.DynamicTableService - Failed to query by batch_id from monitor_data_task_6: PreparedStatementCallback; bad SQL grammar [SELECT * FROM monitor_data_task_6 WHERE batch_id = ? ORDER BY id]
2025-12-31 14:13:11.010 DEBUG [c17e0349e2ea41e9] [http-nio-8080-exec-10] o.s.w.s.m.m.a.RequestResponseBodyMethodProcessor - Using 'application/json', given [application/json, text/plain, */*] and supported [application/json, application/*+json]
2025-12-31 14:13:11.012 DEBUG [c17e0349e2ea41e9] [http-nio-8080-exec-10] o.s.w.s.m.m.a.RequestResponseBodyMethodProcessor - Writing [ApiResponse(success=true, code=0, message=操作成功, data=[MonitorRecord(id=9002, taskId=6, executionTime (truncated)...]
2025-12-31 14:13:11.014 DEBUG [c17e0349e2ea41e9] [http-nio-8080-exec-10] o.s.web.servlet.DispatcherServlet - Completed 200 OK
2025-12-31 14:13:11.021 DEBUG [fe49576440f04c0e] [http-nio-8080-exec-1] o.s.web.servlet.DispatcherServlet - GET "/api/stats/task/6/pivot-data", parameters={}
2025-12-31 14:13:11.022 DEBUG [fe49576440f04c0e] [http-nio-8080-exec-1] o.s.w.s.m.m.a.RequestMappingHandlerMapping - Mapped to com.monitor.backend.controller.StatsController#getPivotData(Long, Integer)
2025-12-31 14:13:11.025 DEBUG [fe49576440f04c0e] [http-nio-8080-exec-1] c.m.b.m.MonitorTaskMapper.findById - ==>  Preparing: SELECT id, name, datasource_id, sql_script, cron_expression, is_active, result_type, alarm_threshold_rule, chart_config, is_store_data, create_time, update_time FROM monitor_task WHERE id = ?
2025-12-31 14:13:11.025 DEBUG [fe49576440f04c0e] [http-nio-8080-exec-1] c.m.b.m.MonitorTaskMapper.findById - ==> Parameters: 6(Long)
2025-12-31 14:13:11.027 DEBUG [fe49576440f04c0e] [http-nio-8080-exec-1] c.m.b.m.MonitorTaskMapper.findById - <==      Total: 1
2025-12-31 14:13:11.030 DEBUG [fe49576440f04c0e] [http-nio-8080-exec-1] c.m.b.service.DynamicTableService - 任务6为非存储模式，实时执行SQL
2025-12-31 14:13:11.031 DEBUG [fe49576440f04c0e] [http-nio-8080-exec-1] c.m.b.m.M.findById - ==>  Preparing: SELECT id, name, url, username, password_encrypted, driver_class_name, create_time, update_time FROM monitor_datasource WHERE id = ?
2025-12-31 14:13:11.031 DEBUG [fe49576440f04c0e] [http-nio-8080-exec-1] c.m.b.m.M.findById - ==> Parameters: 2(Long)
2025-12-31 14:13:11.035 DEBUG [fe49576440f04c0e] [http-nio-8080-exec-1] c.m.b.m.M.findById - <==      Total: 1
2025-12-31 14:13:11.036 DEBUG [fe49576440f04c0e] [http-nio-8080-exec-1] c.m.b.m.M.findLastSuccessTime - ==>  Preparing: SELECT execution_time FROM monitor_record WHERE task_id = ? AND is_success = 1 ORDER BY execution_time DESC LIMIT 1
2025-12-31 14:13:11.036 DEBUG [fe49576440f04c0e] [http-nio-8080-exec-1] c.m.b.m.M.findLastSuccessTime - ==> Parameters: 6(Long)
2025-12-31 14:13:11.040 DEBUG [fe49576440f04c0e] [http-nio-8080-exec-1] c.m.b.m.M.findLastSuccessTime - <==      Total: 1
2025-12-31 14:13:11.040 INFO  [fe49576440f04c0e] [http-nio-8080-exec-1] com.zaxxer.hikari.HikariDataSource - HikariPool-2 - Starting...
2025-12-31 14:13:11.055 INFO  [fe49576440f04c0e] [http-nio-8080-exec-1] com.zaxxer.hikari.pool.HikariPool - HikariPool-2 - Added connection com.mysql.cj.jdbc.ConnectionImpl@104ab180
2025-12-31 14:13:11.055 INFO  [fe49576440f04c0e] [http-nio-8080-exec-1] com.zaxxer.hikari.HikariDataSource - HikariPool-2 - Start completed.
2025-12-31 14:13:11.091 INFO  [fe49576440f04c0e] [http-nio-8080-exec-1] c.m.b.service.DynamicTableService - 实时执行SQL获取4475条数据: taskId=6
2025-12-31 14:13:11.098 DEBUG [fe49576440f04c0e] [http-nio-8080-exec-1] o.s.w.s.m.m.a.RequestResponseBodyMethodProcessor - Using 'application/json', given [application/json, text/plain, */*] and supported [application/json, application/*+json]
2025-12-31 14:13:11.103 DEBUG [fe49576440f04c0e] [http-nio-8080-exec-1] o.s.w.s.m.m.a.RequestResponseBodyMethodProcessor - Writing [ApiResponse(success=true, code=0, message=操作成功, data=[{productInfo=超级影院包年（30元/月）_100020003229, order (truncated)...]
2025-12-31 14:13:11.120 DEBUG [fe49576440f04c0e] [http-nio-8080-exec-1] o.s.web.servlet.DispatcherServlet - Completed 200 OK
2025-12-31 14:13:18.959 DEBUG [N/A] [http-nio-8080-exec-3] o.s.w.s.h.LoggingWebSocketHandlerDecorator - WebSocketServerSockJsSession[id=dkl2n053] closed with CloseStatus[code=1000, reason=null]
2025-12-31 14:13:18.960 DEBUG [N/A] [http-nio-8080-exec-3] o.s.w.s.m.SubProtocolWebSocketHandler - Clearing session dkl2n053
2025-12-31 14:13:18.967 DEBUG [N/A] [clientInboundChannel-8] org.springframework.web.SimpLogging - Processing DISCONNECT session=dkl2n053
2025-12-31 14:13:18.969 DEBUG [N/A] [clientOutboundChannel-2] o.s.w.s.m.SubProtocolWebSocketHandler - No session for GenericMessage [payload=byte[0], headers={simpMessageType=DISCONNECT_ACK, simpDisconnectMessage=GenericMessage [payload=byte[0], headers={simpMessageType=DISCONNECT, stompCommand=DISCONNECT, simpSessionAttributes={org.springframework.messaging.simp.SimpAttributes.COMPLETED=true}, simpSessionId=dkl2n053}], simpSessionId=dkl2n053}]
2025-12-31 14:13:25.818 DEBUG [N/A] [MessageBroker-5] o.s.w.s.s.t.h.DefaultSockJsService - Closed 1 sessions: [dkl2n053]
2025-12-31 14:13:37.459 INFO  [N/A] [MessageBroker-7] o.s.w.s.c.WebSocketMessageBrokerStats - WebSocketSession[0 current WS(0)-HttpStream(0)-HttpPoll(0), 1 total, 0 closed abnormally (0 connect failure, 0 send limit, 0 transport error)], stompSubProtocol[processed CONNECT(1)-CONNECTED(1)-DISCONNECT(0)], stompBrokerRelay[null], inboundChannel[pool size = 9, active threads = 0, queued tasks = 0, completed tasks = 9], outboundChannel[pool size = 2, active threads = 0, queued tasks = 0, completed tasks = 2], sockJsScheduler[pool size = 10, active threads = 3, queued tasks = 1, completed tasks = 8]
2025-12-31 14:13:37.466 DEBUG [N/A] [MessageBroker-5] c.m.b.m.A.findNeedEscalation - ==>  Preparing: SELECT id, task_id, task_type, trigger_type, trigger_value, threshold_value, first_trigger_time, last_trigger_time, trigger_count, status, level, acknowledge_by, acknowledge_time, resolve_time, suppressed_until, message, create_time, update_time FROM alarm_active WHERE status = 'FIRING' AND TIMESTAMPDIFF(MINUTE, first_trigger_time, NOW()) >= ? ORDER BY first_trigger_time ASC
2025-12-31 14:13:37.467 DEBUG [N/A] [MessageBroker-5] c.m.b.m.A.findNeedEscalation - ==> Parameters: 30(Integer)
2025-12-31 14:13:37.476 DEBUG [N/A] [MessageBroker-5] c.m.b.m.A.findNeedEscalation - <==      Total: 0
2025-12-31 14:13:37.479 DEBUG [N/A] [MessageBroker-4] c.m.b.s.PerformanceMetricsService - Job workflowDataExtractionJob 当前运行数: 0
2025-12-31 14:13:38.395 DEBUG [39f20cea7ffe4f25] [http-nio-8080-exec-5] o.s.web.servlet.DispatcherServlet - GET "/api/ws/info?t=1767161618385", parameters={masked}
2025-12-31 14:13:38.395 DEBUG [39f20cea7ffe4f25] [http-nio-8080-exec-5] o.s.w.s.s.s.WebSocketHandlerMapping - Mapped to org.springframework.web.socket.sockjs.support.SockJsHttpRequestHandler@6f926d01
2025-12-31 14:13:38.396 DEBUG [39f20cea7ffe4f25] [http-nio-8080-exec-5] o.s.w.s.s.t.h.DefaultSockJsService - Processing transport request: GET http://localhost:8080/api/ws/info?t=1767161618385
2025-12-31 14:13:38.396 DEBUG [39f20cea7ffe4f25] [http-nio-8080-exec-5] o.s.web.servlet.DispatcherServlet - Completed 200 OK
2025-12-31 14:13:38.406 DEBUG [4c9f17c731cc4b77] [http-nio-8080-exec-9] o.s.web.servlet.DispatcherServlet - GET "/api/ws/464/wol4d25b/websocket", parameters={}
2025-12-31 14:13:38.407 DEBUG [4c9f17c731cc4b77] [http-nio-8080-exec-9] o.s.w.s.s.s.WebSocketHandlerMapping - Mapped to org.springframework.web.socket.sockjs.support.SockJsHttpRequestHandler@6f926d01
2025-12-31 14:13:38.407 DEBUG [4c9f17c731cc4b77] [http-nio-8080-exec-9] o.s.w.s.s.t.h.DefaultSockJsService - Processing transport request: GET http://localhost:8080/api/ws/464/wol4d25b/websocket
2025-12-31 14:13:38.409 DEBUG [4c9f17c731cc4b77] [http-nio-8080-exec-9] o.s.web.servlet.DispatcherServlet - Completed 101 SWITCHING_PROTOCOLS
2025-12-31 14:13:38.410 DEBUG [N/A] [http-nio-8080-exec-9] o.s.w.s.h.LoggingWebSocketHandlerDecorator - New WebSocketServerSockJsSession[id=wol4d25b]
2025-12-31 14:13:38.415 DEBUG [N/A] [clientInboundChannel-11] org.springframework.web.SimpLogging - Processing CONNECT session=wol4d25b
2025-12-31 14:13:38.420 DEBUG [N/A] [clientInboundChannel-14] org.springframework.web.SimpLogging - Processing SUBSCRIBE /topic/alarm id=sub-0 session=wol4d25b
2025-12-31 14:13:44.313 DEBUG [4dbface322364a8d] [http-nio-8080-exec-4] o.s.web.servlet.DispatcherServlet - POST "/api/auth/login", parameters={}
2025-12-31 14:13:44.313 DEBUG [4dbface322364a8d] [http-nio-8080-exec-4] o.s.w.s.m.m.a.RequestMappingHandlerMapping - Mapped to com.monitor.backend.controller.AuthController#login(LoginRequest)
2025-12-31 14:13:44.343 DEBUG [4dbface322364a8d] [http-nio-8080-exec-4] o.s.w.s.m.m.a.RequestResponseBodyMethodProcessor - Read "application/json;charset=UTF-8" to [LoginRequest(username=admin, password=ENC:Vfjg4oeMhGghfNemdtb5buWT5WMlqI5jcpvlVzaQ5Tc=)]
2025-12-31 14:13:44.385 INFO  [4dbface322364a8d] [http-nio-8080-exec-4] c.m.b.controller.AuthController - 用户登录: username=admin
2025-12-31 14:13:44.395 DEBUG [4dbface322364a8d] [http-nio-8080-exec-4] c.m.b.m.UserMapper.findByUsername - ==>  Preparing: SELECT id, username, password_hash, role, enabled, create_time, update_time FROM sys_user WHERE username = ?
2025-12-31 14:13:44.395 DEBUG [4dbface322364a8d] [http-nio-8080-exec-4] c.m.b.m.UserMapper.findByUsername - ==> Parameters: admin(String)
2025-12-31 14:13:44.398 DEBUG [4dbface322364a8d] [http-nio-8080-exec-4] c.m.b.m.UserMapper.findByUsername - <==      Total: 1
2025-12-31 14:13:44.505 DEBUG [4dbface322364a8d] [http-nio-8080-exec-4] o.s.w.s.m.m.a.RequestResponseBodyMethodProcessor - Using 'application/json', given [application/json, text/plain, */*] and supported [application/json, application/*+json]
2025-12-31 14:13:44.505 DEBUG [4dbface322364a8d] [http-nio-8080-exec-4] o.s.w.s.m.m.a.RequestResponseBodyMethodProcessor - Writing [ApiResponse(success=true, code=0, message=操作成功, data=LoginResponse(token=eyJhbGciOiJIUzI1NiJ9.eyJzdW (truncated)...]
2025-12-31 14:13:44.506 DEBUG [4dbface322364a8d] [http-nio-8080-exec-4] o.s.web.servlet.DispatcherServlet - Completed 200 OK
2025-12-31 14:13:44.530 DEBUG [7a367f5bf2c24270] [http-nio-8080-exec-8] o.s.web.servlet.DispatcherServlet - GET "/api/task", parameters={}
2025-12-31 14:13:44.530 DEBUG [7a367f5bf2c24270] [http-nio-8080-exec-8] o.s.w.s.m.m.a.RequestMappingHandlerMapping - Mapped to com.monitor.backend.controller.TaskController#list()
2025-12-31 14:13:44.536 DEBUG [7a367f5bf2c24270] [http-nio-8080-exec-8] c.m.b.m.MonitorTaskMapper.findAll - ==>  Preparing: SELECT id, name, datasource_id, sql_script, cron_expression, is_active, result_type, alarm_threshold_rule, chart_config, is_store_data, create_time, update_time FROM monitor_task
2025-12-31 14:13:44.536 DEBUG [7a367f5bf2c24270] [http-nio-8080-exec-8] c.m.b.m.MonitorTaskMapper.findAll - ==> Parameters: 
2025-12-31 14:13:44.546 DEBUG [7a367f5bf2c24270] [http-nio-8080-exec-8] c.m.b.m.MonitorTaskMapper.findAll - <==      Total: 3
2025-12-31 14:13:44.547 DEBUG [7a367f5bf2c24270] [http-nio-8080-exec-8] o.s.w.s.m.m.a.RequestResponseBodyMethodProcessor - Using 'application/json', given [application/json, text/plain, */*] and supported [application/json, application/*+json]
2025-12-31 14:13:44.547 DEBUG [7a367f5bf2c24270] [http-nio-8080-exec-8] o.s.w.s.m.m.a.RequestResponseBodyMethodProcessor - Writing [ApiResponse(success=true, code=0, message=操作成功, data=[MonitorTask(id=1, name=用户订购统计, datasourceId=1, (truncated)...]
2025-12-31 14:13:44.548 DEBUG [7a367f5bf2c24270] [http-nio-8080-exec-8] o.s.web.servlet.DispatcherServlet - Completed 200 OK
2025-12-31 14:13:44.572 DEBUG [8cdd499db8354591] [http-nio-8080-exec-9] o.s.web.servlet.DispatcherServlet - GET "/api/stats/6", parameters={}
2025-12-31 14:13:44.572 DEBUG [8cdd499db8354591] [http-nio-8080-exec-9] o.s.w.s.m.m.a.RequestMappingHandlerMapping - Mapped to com.monitor.backend.controller.StatsController#getRecentStats(Long, int)
2025-12-31 14:13:44.573 DEBUG [8cdd499db8354591] [http-nio-8080-exec-9] c.m.b.m.M.findRecentByTaskId - ==>  Preparing: SELECT id, task_id, execution_time, is_success, error_message, result_number, result_json FROM monitor_record WHERE task_id = ? ORDER BY execution_time DESC LIMIT ?
2025-12-31 14:13:44.573 DEBUG [8cdd499db8354591] [http-nio-8080-exec-9] c.m.b.m.M.findRecentByTaskId - ==> Parameters: 6(Long), 10(Integer)
2025-12-31 14:13:44.576 DEBUG [8cdd499db8354591] [http-nio-8080-exec-9] c.m.b.m.M.findRecentByTaskId - <==      Total: 10
2025-12-31 14:13:44.585 WARN  [8cdd499db8354591] [http-nio-8080-exec-9] c.m.b.service.DynamicTableService - Failed to query by batch_id from monitor_data_task_6: PreparedStatementCallback; bad SQL grammar [SELECT * FROM monitor_data_task_6 WHERE batch_id = ? ORDER BY id]
2025-12-31 14:13:44.589 DEBUG [8cdd499db8354591] [http-nio-8080-exec-9] o.s.w.s.m.m.a.RequestResponseBodyMethodProcessor - Using 'application/json', given [application/json, text/plain, */*] and supported [application/json, application/*+json]
2025-12-31 14:13:44.589 DEBUG [8cdd499db8354591] [http-nio-8080-exec-9] o.s.w.s.m.m.a.RequestResponseBodyMethodProcessor - Writing [ApiResponse(success=true, code=0, message=操作成功, data=[MonitorRecord(id=9002, taskId=6, executionTime (truncated)...]
2025-12-31 14:13:44.590 DEBUG [8cdd499db8354591] [http-nio-8080-exec-9] o.s.web.servlet.DispatcherServlet - Completed 200 OK
2025-12-31 14:13:44.595 DEBUG [bd959faaf0bb4421] [http-nio-8080-exec-2] o.s.web.servlet.DispatcherServlet - GET "/api/stats/task/6/pivot-data", parameters={}
2025-12-31 14:13:44.595 DEBUG [bd959faaf0bb4421] [http-nio-8080-exec-2] o.s.w.s.m.m.a.RequestMappingHandlerMapping - Mapped to com.monitor.backend.controller.StatsController#getPivotData(Long, Integer)
2025-12-31 14:13:44.599 DEBUG [bd959faaf0bb4421] [http-nio-8080-exec-2] c.m.b.m.MonitorTaskMapper.findById - ==>  Preparing: SELECT id, name, datasource_id, sql_script, cron_expression, is_active, result_type, alarm_threshold_rule, chart_config, is_store_data, create_time, update_time FROM monitor_task WHERE id = ?
2025-12-31 14:13:44.599 DEBUG [bd959faaf0bb4421] [http-nio-8080-exec-2] c.m.b.m.MonitorTaskMapper.findById - ==> Parameters: 6(Long)
2025-12-31 14:13:44.601 DEBUG [bd959faaf0bb4421] [http-nio-8080-exec-2] c.m.b.m.MonitorTaskMapper.findById - <==      Total: 1
2025-12-31 14:13:44.601 DEBUG [bd959faaf0bb4421] [http-nio-8080-exec-2] c.m.b.service.DynamicTableService - 任务6为非存储模式，实时执行SQL
2025-12-31 14:13:44.601 DEBUG [bd959faaf0bb4421] [http-nio-8080-exec-2] c.m.b.m.M.findLastSuccessTime - ==>  Preparing: SELECT execution_time FROM monitor_record WHERE task_id = ? AND is_success = 1 ORDER BY execution_time DESC LIMIT 1
2025-12-31 14:13:44.602 DEBUG [bd959faaf0bb4421] [http-nio-8080-exec-2] c.m.b.m.M.findLastSuccessTime - ==> Parameters: 6(Long)
2025-12-31 14:13:44.604 DEBUG [bd959faaf0bb4421] [http-nio-8080-exec-2] c.m.b.m.M.findLastSuccessTime - <==      Total: 1
2025-12-31 14:13:44.616 INFO  [bd959faaf0bb4421] [http-nio-8080-exec-2] c.m.b.service.DynamicTableService - 实时执行SQL获取4475条数据: taskId=6
2025-12-31 14:13:44.622 DEBUG [bd959faaf0bb4421] [http-nio-8080-exec-2] o.s.w.s.m.m.a.RequestResponseBodyMethodProcessor - Using 'application/json', given [application/json, text/plain, */*] and supported [application/json, application/*+json]
2025-12-31 14:13:44.633 DEBUG [bd959faaf0bb4421] [http-nio-8080-exec-2] o.s.w.s.m.m.a.RequestResponseBodyMethodProcessor - Writing [ApiResponse(success=true, code=0, message=操作成功, data=[{productInfo=超级影院包年（30元/月）_100020003229, order (truncated)...]
2025-12-31 14:13:44.637 DEBUG [bd959faaf0bb4421] [http-nio-8080-exec-2] o.s.web.servlet.DispatcherServlet - Completed 200 OK
2025-12-31 14:13:47.527 DEBUG [4ea3a94b6262419b] [http-nio-8080-exec-1] o.s.web.servlet.DispatcherServlet - GET "/api/task", parameters={}
2025-12-31 14:13:47.527 DEBUG [4ea3a94b6262419b] [http-nio-8080-exec-1] o.s.w.s.m.m.a.RequestMappingHandlerMapping - Mapped to com.monitor.backend.controller.TaskController#list()
2025-12-31 14:13:47.528 DEBUG [4e1d0ec780b84788] [http-nio-8080-exec-7] o.s.web.servlet.DispatcherServlet - GET "/api/dashboard", parameters={}
2025-12-31 14:13:47.528 DEBUG [4e1d0ec780b84788] [http-nio-8080-exec-7] o.s.w.s.m.m.a.RequestMappingHandlerMapping - Mapped to com.monitor.backend.controller.DashboardController#list()
2025-12-31 14:13:47.529 DEBUG [4ea3a94b6262419b] [http-nio-8080-exec-1] c.m.b.m.MonitorTaskMapper.findAll - ==>  Preparing: SELECT id, name, datasource_id, sql_script, cron_expression, is_active, result_type, alarm_threshold_rule, chart_config, is_store_data, create_time, update_time FROM monitor_task
2025-12-31 14:13:47.530 DEBUG [4ea3a94b6262419b] [http-nio-8080-exec-1] c.m.b.m.MonitorTaskMapper.findAll - ==> Parameters: 
2025-12-31 14:13:47.530 DEBUG [4e1d0ec780b84788] [http-nio-8080-exec-7] c.m.b.mapper.DashboardMapper.findAll - ==>  Preparing: SELECT id, name, grid_cols, grid_rows, cell_height, widget_margin, background_config, is_default, is_active, create_time, update_time FROM monitor_dashboard WHERE is_active = 1 ORDER BY is_default DESC, id
2025-12-31 14:13:47.530 DEBUG [4e1d0ec780b84788] [http-nio-8080-exec-7] c.m.b.mapper.DashboardMapper.findAll - ==> Parameters: 
2025-12-31 14:13:47.532 DEBUG [4ea3a94b6262419b] [http-nio-8080-exec-1] c.m.b.m.MonitorTaskMapper.findAll - <==      Total: 3
2025-12-31 14:13:47.532 DEBUG [4ea3a94b6262419b] [http-nio-8080-exec-1] o.s.w.s.m.m.a.RequestResponseBodyMethodProcessor - Using 'application/json', given [application/json, text/plain, */*] and supported [application/json, application/*+json]
2025-12-31 14:13:47.532 DEBUG [4ea3a94b6262419b] [http-nio-8080-exec-1] o.s.w.s.m.m.a.RequestResponseBodyMethodProcessor - Writing [ApiResponse(success=true, code=0, message=操作成功, data=[MonitorTask(id=1, name=用户订购统计, datasourceId=1, (truncated)...]
2025-12-31 14:13:47.533 DEBUG [4ea3a94b6262419b] [http-nio-8080-exec-1] o.s.web.servlet.DispatcherServlet - Completed 200 OK
2025-12-31 14:13:47.537 DEBUG [4e1d0ec780b84788] [http-nio-8080-exec-7] c.m.b.mapper.DashboardMapper.findAll - <==      Total: 2
2025-12-31 14:13:47.538 DEBUG [4e1d0ec780b84788] [http-nio-8080-exec-7] o.s.w.s.m.m.a.RequestResponseBodyMethodProcessor - Using 'application/json', given [application/json, text/plain, */*] and supported [application/json, application/*+json]
2025-12-31 14:13:47.543 DEBUG [4e1d0ec780b84788] [http-nio-8080-exec-7] o.s.w.s.m.m.a.RequestResponseBodyMethodProcessor - Writing [ApiResponse(success=true, code=0, message=操作成功, data=[Dashboard(id=1, name=默认监控大屏, gridCols=24, grid (truncated)...]
2025-12-31 14:13:47.545 DEBUG [4e1d0ec780b84788] [http-nio-8080-exec-7] o.s.web.servlet.DispatcherServlet - Completed 200 OK
2025-12-31 14:13:47.568 DEBUG [befed5b91ecd4546] [http-nio-8080-exec-4] o.s.web.servlet.DispatcherServlet - GET "/api/dashboard/1", parameters={}
2025-12-31 14:13:47.568 DEBUG [befed5b91ecd4546] [http-nio-8080-exec-4] o.s.w.s.m.m.a.RequestMappingHandlerMapping - Mapped to com.monitor.backend.controller.DashboardController#getById(Long)
2025-12-31 14:13:47.569 DEBUG [befed5b91ecd4546] [http-nio-8080-exec-4] c.m.b.m.DashboardMapper.findById - ==>  Preparing: SELECT id, name, grid_cols, grid_rows, cell_height, widget_margin, background_config, is_default, is_active, create_time, update_time FROM monitor_dashboard WHERE id = ?
2025-12-31 14:13:47.569 DEBUG [befed5b91ecd4546] [http-nio-8080-exec-4] c.m.b.m.DashboardMapper.findById - ==> Parameters: 1(Long)
2025-12-31 14:13:47.571 DEBUG [befed5b91ecd4546] [http-nio-8080-exec-4] c.m.b.m.DashboardMapper.findById - <==      Total: 1
2025-12-31 14:13:47.572 DEBUG [befed5b91ecd4546] [http-nio-8080-exec-4] c.m.b.m.D.findByDashboardId - ==>  Preparing: SELECT w.id, w.dashboard_id, w.widget_type, w.source_id, w.title, w.grid_x, w.grid_y, w.grid_w, w.grid_h, w.display_config, w.z_index, w.create_time, t.name as source_name, t.result_type as source_result_type FROM monitor_dashboard_widget w LEFT JOIN monitor_task t ON w.source_id = t.id AND w.widget_type = 'TASK' WHERE w.dashboard_id = ? ORDER BY w.z_index, w.id
2025-12-31 14:13:47.572 DEBUG [befed5b91ecd4546] [http-nio-8080-exec-4] c.m.b.m.D.findByDashboardId - ==> Parameters: 1(Long)
2025-12-31 14:13:47.577 DEBUG [befed5b91ecd4546] [http-nio-8080-exec-4] c.m.b.m.D.findByDashboardId - <==      Total: 3
2025-12-31 14:13:47.577 DEBUG [befed5b91ecd4546] [http-nio-8080-exec-4] o.s.w.s.m.m.a.RequestResponseBodyMethodProcessor - Using 'application/json', given [application/json, text/plain, */*] and supported [application/json, application/*+json]
2025-12-31 14:13:47.581 DEBUG [befed5b91ecd4546] [http-nio-8080-exec-4] o.s.w.s.m.m.a.RequestResponseBodyMethodProcessor - Writing [ApiResponse(success=true, code=0, message=操作成功, data={widgets=[DashboardWidget(id=51, dashboardId=1, (truncated)...]
2025-12-31 14:13:47.583 DEBUG [befed5b91ecd4546] [http-nio-8080-exec-4] o.s.web.servlet.DispatcherServlet - Completed 200 OK
2025-12-31 14:13:49.283 DEBUG [3e15b732bba542dc] [http-nio-8080-exec-9] o.s.web.servlet.DispatcherServlet - GET "/api/workflows", parameters={}
2025-12-31 14:13:49.283 DEBUG [c288d72ea6274aff] [http-nio-8080-exec-10] o.s.web.servlet.DispatcherServlet - GET "/api/datasource", parameters={}
2025-12-31 14:13:49.283 DEBUG [3e15b732bba542dc] [http-nio-8080-exec-9] o.s.w.s.m.m.a.RequestMappingHandlerMapping - Mapped to com.monitor.backend.controller.WorkflowController#list()
2025-12-31 14:13:49.284 DEBUG [c288d72ea6274aff] [http-nio-8080-exec-10] o.s.w.s.m.m.a.RequestMappingHandlerMapping - Mapped to com.monitor.backend.controller.DataSourceController#list()
2025-12-31 14:13:49.288 DEBUG [c288d72ea6274aff] [http-nio-8080-exec-10] c.m.b.m.M.findAll - ==>  Preparing: SELECT id, name, url, username, password_encrypted, driver_class_name, create_time, update_time FROM monitor_datasource
2025-12-31 14:13:49.288 DEBUG [3e15b732bba542dc] [http-nio-8080-exec-9] c.m.b.mapper.WorkflowMapper.findAll - ==>  Preparing: SELECT id, name, description, cron_expression, is_active, timeout_seconds, output_table, index_fields, create_time, update_time FROM monitor_workflow ORDER BY create_time DESC
2025-12-31 14:13:49.288 DEBUG [c288d72ea6274aff] [http-nio-8080-exec-10] c.m.b.m.M.findAll - ==> Parameters: 
2025-12-31 14:13:49.288 DEBUG [3e15b732bba542dc] [http-nio-8080-exec-9] c.m.b.mapper.WorkflowMapper.findAll - ==> Parameters: 
2025-12-31 14:13:49.291 DEBUG [c288d72ea6274aff] [http-nio-8080-exec-10] c.m.b.m.M.findAll - <==      Total: 3
2025-12-31 14:13:49.291 DEBUG [3e15b732bba542dc] [http-nio-8080-exec-9] c.m.b.mapper.WorkflowMapper.findAll - <==      Total: 1
2025-12-31 14:13:49.291 DEBUG [c288d72ea6274aff] [http-nio-8080-exec-10] o.s.w.s.m.m.a.RequestResponseBodyMethodProcessor - Using 'application/json', given [application/json, text/plain, */*] and supported [application/json, application/*+json]
2025-12-31 14:13:49.292 DEBUG [3e15b732bba542dc] [http-nio-8080-exec-9] o.s.w.s.m.m.a.RequestResponseBodyMethodProcessor - Using 'application/json', given [application/json, text/plain, */*] and supported [application/json, application/*+json]
2025-12-31 14:13:49.293 DEBUG [3e15b732bba542dc] [http-nio-8080-exec-9] o.s.w.s.m.m.a.RequestResponseBodyMethodProcessor - Writing [ApiResponse(success=true, code=0, message=操作成功, data=[Workflow(id=5, name=订购产品计费统计, description=, cr (truncated)...]
2025-12-31 14:13:49.295 DEBUG [3e15b732bba542dc] [http-nio-8080-exec-9] o.s.web.servlet.DispatcherServlet - Completed 200 OK
2025-12-31 14:13:49.296 DEBUG [c288d72ea6274aff] [http-nio-8080-exec-10] o.s.w.s.m.m.a.RequestResponseBodyMethodProcessor - Writing [ApiResponse(success=true, code=0, message=操作成功, data=[MonitorDataSource(id=1, name=南京3.2, url=jdbc:m (truncated)...]
2025-12-31 14:13:49.298 DEBUG [c288d72ea6274aff] [http-nio-8080-exec-10] o.s.web.servlet.DispatcherServlet - Completed 200 OK
2025-12-31 14:13:50.476 DEBUG [N/A] [http-nio-8080-exec-2] o.s.w.s.h.LoggingWebSocketHandlerDecorator - WebSocketServerSockJsSession[id=wol4d25b] closed with CloseStatus[code=1000, reason=null]
2025-12-31 14:13:50.476 DEBUG [N/A] [http-nio-8080-exec-2] o.s.w.s.m.SubProtocolWebSocketHandler - Clearing session wol4d25b
2025-12-31 14:13:50.478 DEBUG [N/A] [clientInboundChannel-17] org.springframework.web.SimpLogging - Processing DISCONNECT session=wol4d25b
2025-12-31 14:13:50.479 DEBUG [N/A] [clientOutboundChannel-4] o.s.w.s.m.SubProtocolWebSocketHandler - No session for GenericMessage [payload=byte[0], headers={simpMessageType=DISCONNECT_ACK, simpDisconnectMessage=GenericMessage [payload=byte[0], headers={simpMessageType=DISCONNECT, stompCommand=DISCONNECT, simpSessionAttributes={org.springframework.messaging.simp.SimpAttributes.COMPLETED=true}, simpSessionId=wol4d25b}], simpSessionId=wol4d25b}]
2025-12-31 14:13:55.816 DEBUG [N/A] [MessageBroker-10] o.s.w.s.s.t.h.DefaultSockJsService - Closed 1 sessions: [wol4d25b]
2025-12-31 14:14:37.472 DEBUG [N/A] [MessageBroker-6] c.m.b.m.A.findNeedEscalation - ==>  Preparing: SELECT id, task_id, task_type, trigger_type, trigger_value, threshold_value, first_trigger_time, last_trigger_time, trigger_count, status, level, acknowledge_by, acknowledge_time, resolve_time, suppressed_until, message, create_time, update_time FROM alarm_active WHERE status = 'FIRING' AND TIMESTAMPDIFF(MINUTE, first_trigger_time, NOW()) >= ? ORDER BY first_trigger_time ASC
2025-12-31 14:14:37.474 DEBUG [N/A] [MessageBroker-6] c.m.b.m.A.findNeedEscalation - ==> Parameters: 30(Integer)
2025-12-31 14:14:37.477 DEBUG [N/A] [MessageBroker-6] c.m.b.m.A.findNeedEscalation - <==      Total: 0
2025-12-31 14:14:37.478 DEBUG [N/A] [MessageBroker-1] c.m.b.s.PerformanceMetricsService - Job workflowDataExtractionJob 当前运行数: 0
2025-12-31 14:15:00.028 DEBUG [N/A] [ServerMonitorJob-2] c.m.b.m.S.findById - ==>  Preparing: SELECT id, name, server_id, template_id, collect_script, params, threshold_rule, cron_expression, alarm_channels, alarm_template_id, is_active, last_run_time, last_run_status, last_run_value, create_time, update_time FROM server_monitor_task WHERE id = ?
2025-12-31 14:15:00.028 DEBUG [N/A] [ServerMonitorJob-4] c.m.b.m.S.findById - ==>  Preparing: SELECT id, name, server_id, template_id, collect_script, params, threshold_rule, cron_expression, alarm_channels, alarm_template_id, is_active, last_run_time, last_run_status, last_run_value, create_time, update_time FROM server_monitor_task WHERE id = ?
2025-12-31 14:15:00.028 DEBUG [N/A] [ServerMonitorJob-1] c.m.b.m.S.findById - ==>  Preparing: SELECT id, name, server_id, template_id, collect_script, params, threshold_rule, cron_expression, alarm_channels, alarm_template_id, is_active, last_run_time, last_run_status, last_run_value, create_time, update_time FROM server_monitor_task WHERE id = ?
2025-12-31 14:15:00.028 DEBUG [N/A] [ServerMonitorJob-3] c.m.b.m.S.findById - ==>  Preparing: SELECT id, name, server_id, template_id, collect_script, params, threshold_rule, cron_expression, alarm_channels, alarm_template_id, is_active, last_run_time, last_run_status, last_run_value, create_time, update_time FROM server_monitor_task WHERE id = ?
2025-12-31 14:15:00.030 DEBUG [N/A] [ServerMonitorJob-3] c.m.b.m.S.findById - ==> Parameters: 8(Long)
2025-12-31 14:15:00.030 DEBUG [N/A] [ServerMonitorJob-2] c.m.b.m.S.findById - ==> Parameters: 16(Long)
2025-12-31 14:15:00.030 DEBUG [N/A] [ServerMonitorJob-4] c.m.b.m.S.findById - ==> Parameters: 3(Long)
2025-12-31 14:15:00.030 DEBUG [N/A] [ServerMonitorJob-1] c.m.b.m.S.findById - ==> Parameters: 15(Long)
2025-12-31 14:15:00.041 DEBUG [N/A] [ServerMonitorJob-4] c.m.b.m.S.findById - <==      Total: 1
2025-12-31 14:15:00.041 DEBUG [N/A] [ServerMonitorJob-1] c.m.b.m.S.findById - <==      Total: 1
2025-12-31 14:15:00.041 DEBUG [N/A] [ServerMonitorJob-3] c.m.b.m.S.findById - <==      Total: 1
2025-12-31 14:15:00.041 DEBUG [N/A] [ServerMonitorJob-2] c.m.b.m.S.findById - <==      Total: 1
2025-12-31 14:15:00.042 DEBUG [N/A] [ServerMonitorJob-1] c.m.b.m.ServerAssetMapper.findById - ==>  Preparing: SELECT id, name, ip, port, username, auth_type, password_encrypted, private_key_encrypted, group_id, tags, is_active, last_check_time, last_check_status, create_time, update_time FROM server_asset WHERE id = ?
2025-12-31 14:15:00.042 DEBUG [N/A] [ServerMonitorJob-2] c.m.b.m.ServerAssetMapper.findById - ==>  Preparing: SELECT id, name, ip, port, username, auth_type, password_encrypted, private_key_encrypted, group_id, tags, is_active, last_check_time, last_check_status, create_time, update_time FROM server_asset WHERE id = ?
2025-12-31 14:15:00.042 DEBUG [N/A] [ServerMonitorJob-4] c.m.b.m.ServerAssetMapper.findById - ==>  Preparing: SELECT id, name, ip, port, username, auth_type, password_encrypted, private_key_encrypted, group_id, tags, is_active, last_check_time, last_check_status, create_time, update_time FROM server_asset WHERE id = ?
2025-12-31 14:15:00.042 DEBUG [N/A] [ServerMonitorJob-3] c.m.b.m.ServerAssetMapper.findById - ==>  Preparing: SELECT id, name, ip, port, username, auth_type, password_encrypted, private_key_encrypted, group_id, tags, is_active, last_check_time, last_check_status, create_time, update_time FROM server_asset WHERE id = ?
2025-12-31 14:15:00.042 DEBUG [N/A] [ServerMonitorJob-3] c.m.b.m.ServerAssetMapper.findById - ==> Parameters: 2(Long)
2025-12-31 14:15:00.042 DEBUG [N/A] [ServerMonitorJob-4] c.m.b.m.ServerAssetMapper.findById - ==> Parameters: 1(Long)
2025-12-31 14:15:00.042 DEBUG [N/A] [ServerMonitorJob-2] c.m.b.m.ServerAssetMapper.findById - ==> Parameters: 1(Long)
2025-12-31 14:15:00.044 DEBUG [N/A] [ServerMonitorJob-1] c.m.b.m.ServerAssetMapper.findById - ==> Parameters: 1(Long)
2025-12-31 14:15:00.048 DEBUG [N/A] [ServerMonitorJob-1] c.m.b.m.ServerAssetMapper.findById - <==      Total: 1
2025-12-31 14:15:00.048 DEBUG [N/A] [ServerMonitorJob-2] c.m.b.m.ServerAssetMapper.findById - <==      Total: 1
2025-12-31 14:15:00.048 DEBUG [N/A] [ServerMonitorJob-4] c.m.b.m.ServerAssetMapper.findById - <==      Total: 1
2025-12-31 14:15:00.048 DEBUG [N/A] [ServerMonitorJob-3] c.m.b.m.ServerAssetMapper.findById - <==      Total: 1
2025-12-31 14:15:00.048 INFO  [N/A] [ServerMonitorJob-3] c.m.b.s.ServerMonitorTaskScheduler - 执行服务器监控任务: 内存使用率 [192.168.3.20]
2025-12-31 14:15:00.048 INFO  [N/A] [ServerMonitorJob-2] c.m.b.s.ServerMonitorTaskScheduler - 执行服务器监控任务: 内存使用率 [127.0.0.1]
2025-12-31 14:15:00.048 INFO  [N/A] [ServerMonitorJob-1] c.m.b.s.ServerMonitorTaskScheduler - 执行服务器监控任务: 网络连通性 [127.0.0.1]
2025-12-31 14:15:00.048 INFO  [N/A] [ServerMonitorJob-4] c.m.b.s.ServerMonitorTaskScheduler - 执行服务器监控任务: 磁盘使用率 [127.0.0.1]
2025-12-31 14:15:00.049 DEBUG [N/A] [ServerMonitorJob-2] c.m.b.service.SshExecutorService - Executing script locally
2025-12-31 14:15:00.050 DEBUG [N/A] [ServerMonitorJob-1] c.m.b.service.SshExecutorService - Executing script locally
2025-12-31 14:15:00.050 DEBUG [N/A] [ServerMonitorJob-4] c.m.b.service.SshExecutorService - Executing script locally
2025-12-31 14:15:00.056 DEBUG [N/A] [ServerMonitorJob-3] c.m.b.service.SshExecutorService - Creating SSH session to syiptv@192.168.3.20:22
2025-12-31 14:15:00.063 DEBUG [N/A] [ServerMonitorJob-3] c.m.b.service.SshExecutorService - Using password authentication (decrypted from passwordEncrypted)
2025-12-31 14:15:00.090 DEBUG [N/A] [ServerMonitorJob-4] c.m.b.m.S.updateRunStatus - ==>  Preparing: UPDATE server_monitor_task SET last_run_time = ?, last_run_status = ?, last_run_value = ? WHERE id = ?
2025-12-31 14:15:00.090 DEBUG [N/A] [ServerMonitorJob-2] c.m.b.m.S.updateRunStatus - ==>  Preparing: UPDATE server_monitor_task SET last_run_time = ?, last_run_status = ?, last_run_value = ? WHERE id = ?
2025-12-31 14:15:00.090 DEBUG [N/A] [ServerMonitorJob-1] c.m.b.m.S.updateRunStatus - ==>  Preparing: UPDATE server_monitor_task SET last_run_time = ?, last_run_status = ?, last_run_value = ? WHERE id = ?
2025-12-31 14:15:00.090 DEBUG [N/A] [ServerMonitorJob-4] c.m.b.m.S.updateRunStatus - ==> Parameters: 2025-12-31T14:15:00.089160(LocalDateTime), SUCCESS(String), 54(String), 3(Long)
2025-12-31 14:15:00.090 DEBUG [N/A] [ServerMonitorJob-1] c.m.b.m.S.updateRunStatus - ==> Parameters: 2025-12-31T14:15:00.088783(LocalDateTime), SUCCESS(String), 0(String), 15(Long)
2025-12-31 14:15:00.090 DEBUG [N/A] [ServerMonitorJob-2] c.m.b.m.S.updateRunStatus - ==> Parameters: 2025-12-31T14:15:00.088994(LocalDateTime), SUCCESS(String), 54(String), 16(Long)
2025-12-31 14:15:00.102 DEBUG [N/A] [ServerMonitorJob-2] c.m.b.m.S.updateRunStatus - <==    Updates: 1
2025-12-31 14:15:00.102 DEBUG [N/A] [ServerMonitorJob-1] c.m.b.m.S.updateRunStatus - <==    Updates: 1
2025-12-31 14:15:00.102 DEBUG [N/A] [ServerMonitorJob-4] c.m.b.m.S.updateRunStatus - <==    Updates: 1
2025-12-31 14:15:00.107 DEBUG [N/A] [ServerMonitorJob-4] c.m.b.m.A.findByTaskAndType - ==>  Preparing: SELECT id, task_id, task_type, trigger_type, trigger_value, threshold_value, first_trigger_time, last_trigger_time, trigger_count, status, level, acknowledge_by, acknowledge_time, resolve_time, suppressed_until, message, create_time, update_time FROM alarm_active WHERE task_id = ? AND task_type = ? AND status != 'RESOLVED' LIMIT 1
2025-12-31 14:15:00.107 DEBUG [N/A] [ServerMonitorJob-4] c.m.b.m.A.findByTaskAndType - ==> Parameters: 3(Long), SERVER_MONITOR(String)
2025-12-31 14:15:00.107 DEBUG [N/A] [ServerMonitorJob-1] c.m.b.m.A.findByTaskAndType - ==>  Preparing: SELECT id, task_id, task_type, trigger_type, trigger_value, threshold_value, first_trigger_time, last_trigger_time, trigger_count, status, level, acknowledge_by, acknowledge_time, resolve_time, suppressed_until, message, create_time, update_time FROM alarm_active WHERE task_id = ? AND task_type = ? AND status != 'RESOLVED' LIMIT 1
2025-12-31 14:15:00.108 DEBUG [N/A] [ServerMonitorJob-1] c.m.b.m.A.findByTaskAndType - ==> Parameters: 15(Long), SERVER_MONITOR(String)
2025-12-31 14:15:00.108 DEBUG [N/A] [ServerMonitorJob-2] c.m.b.m.A.findByTaskAndType - ==>  Preparing: SELECT id, task_id, task_type, trigger_type, trigger_value, threshold_value, first_trigger_time, last_trigger_time, trigger_count, status, level, acknowledge_by, acknowledge_time, resolve_time, suppressed_until, message, create_time, update_time FROM alarm_active WHERE task_id = ? AND task_type = ? AND status != 'RESOLVED' LIMIT 1
2025-12-31 14:15:00.109 DEBUG [N/A] [ServerMonitorJob-2] c.m.b.m.A.findByTaskAndType - ==> Parameters: 16(Long), SERVER_MONITOR(String)
2025-12-31 14:15:00.112 DEBUG [N/A] [ServerMonitorJob-4] c.m.b.m.A.findByTaskAndType - <==      Total: 0
2025-12-31 14:15:00.112 DEBUG [N/A] [ServerMonitorJob-1] c.m.b.m.A.findByTaskAndType - <==      Total: 0
2025-12-31 14:15:00.112 DEBUG [N/A] [ServerMonitorJob-2] c.m.b.m.A.findByTaskAndType - <==      Total: 0
2025-12-31 14:15:00.112 INFO  [N/A] [ServerMonitorJob-4] c.m.b.s.ServerMonitorTaskScheduler - 服务器监控任务执行成功: 磁盘使用率 = 54
2025-12-31 14:15:00.112 INFO  [N/A] [ServerMonitorJob-1] c.m.b.s.ServerMonitorTaskScheduler - 服务器监控任务执行成功: 网络连通性 = 0
2025-12-31 14:15:00.112 INFO  [N/A] [ServerMonitorJob-2] c.m.b.s.ServerMonitorTaskScheduler - 服务器监控任务执行成功: 内存使用率 = 54
2025-12-31 14:15:00.626 INFO  [N/A] [ServerMonitorJob-3] c.m.b.service.SshExecutorService - SSH session connected to syiptv@192.168.3.20
2025-12-31 14:15:00.817 DEBUG [N/A] [ServerMonitorJob-3] c.m.b.service.SshExecutorService - SSH session disconnected
2025-12-31 14:15:00.819 DEBUG [N/A] [ServerMonitorJob-3] c.m.b.m.S.updateRunStatus - ==>  Preparing: UPDATE server_monitor_task SET last_run_time = ?, last_run_status = ?, last_run_value = ? WHERE id = ?
2025-12-31 14:15:00.820 DEBUG [N/A] [ServerMonitorJob-3] c.m.b.m.S.updateRunStatus - ==> Parameters: 2025-12-31T14:15:00.817573(LocalDateTime), SUCCESS(String), 69(String), 8(Long)
2025-12-31 14:15:00.830 DEBUG [N/A] [ServerMonitorJob-3] c.m.b.m.S.updateRunStatus - <==    Updates: 1
2025-12-31 14:15:00.830 DEBUG [N/A] [ServerMonitorJob-3] c.m.b.m.A.findByTaskAndType - ==>  Preparing: SELECT id, task_id, task_type, trigger_type, trigger_value, threshold_value, first_trigger_time, last_trigger_time, trigger_count, status, level, acknowledge_by, acknowledge_time, resolve_time, suppressed_until, message, create_time, update_time FROM alarm_active WHERE task_id = ? AND task_type = ? AND status != 'RESOLVED' LIMIT 1
2025-12-31 14:15:00.831 DEBUG [N/A] [ServerMonitorJob-3] c.m.b.m.A.findByTaskAndType - ==> Parameters: 8(Long), SERVER_MONITOR(String)
2025-12-31 14:15:00.833 DEBUG [N/A] [ServerMonitorJob-3] c.m.b.m.A.findByTaskAndType - <==      Total: 0
2025-12-31 14:15:00.833 INFO  [N/A] [ServerMonitorJob-3] c.m.b.s.ServerMonitorTaskScheduler - 服务器监控任务执行成功: 内存使用率 = 69
2025-12-31 14:15:37.482 DEBUG [N/A] [MessageBroker-10] c.m.b.m.A.findNeedEscalation - ==>  Preparing: SELECT id, task_id, task_type, trigger_type, trigger_value, threshold_value, first_trigger_time, last_trigger_time, trigger_count, status, level, acknowledge_by, acknowledge_time, resolve_time, suppressed_until, message, create_time, update_time FROM alarm_active WHERE status = 'FIRING' AND TIMESTAMPDIFF(MINUTE, first_trigger_time, NOW()) >= ? ORDER BY first_trigger_time ASC
2025-12-31 14:15:37.485 DEBUG [N/A] [MessageBroker-10] c.m.b.m.A.findNeedEscalation - ==> Parameters: 30(Integer)
2025-12-31 14:15:37.493 DEBUG [N/A] [MessageBroker-10] c.m.b.m.A.findNeedEscalation - <==      Total: 0
2025-12-31 14:15:37.495 DEBUG [N/A] [MessageBroker-6] c.m.b.s.PerformanceMetricsService - Job workflowDataExtractionJob 当前运行数: 0
2025-12-31 14:16:37.464 DEBUG [N/A] [MessageBroker-7] c.m.b.m.A.findNeedEscalation - ==>  Preparing: SELECT id, task_id, task_type, trigger_type, trigger_value, threshold_value, first_trigger_time, last_trigger_time, trigger_count, status, level, acknowledge_by, acknowledge_time, resolve_time, suppressed_until, message, create_time, update_time FROM alarm_active WHERE status = 'FIRING' AND TIMESTAMPDIFF(MINUTE, first_trigger_time, NOW()) >= ? ORDER BY first_trigger_time ASC
2025-12-31 14:16:37.465 DEBUG [N/A] [MessageBroker-7] c.m.b.m.A.findNeedEscalation - ==> Parameters: 30(Integer)
2025-12-31 14:16:37.467 DEBUG [N/A] [MessageBroker-7] c.m.b.m.A.findNeedEscalation - <==      Total: 0
2025-12-31 14:16:37.467 DEBUG [N/A] [MessageBroker-5] c.m.b.s.PerformanceMetricsService - Job workflowDataExtractionJob 当前运行数: 0
2025-12-31 14:17:37.470 DEBUG [N/A] [MessageBroker-2] c.m.b.m.A.findNeedEscalation - ==>  Preparing: SELECT id, task_id, task_type, trigger_type, trigger_value, threshold_value, first_trigger_time, last_trigger_time, trigger_count, status, level, acknowledge_by, acknowledge_time, resolve_time, suppressed_until, message, create_time, update_time FROM alarm_active WHERE status = 'FIRING' AND TIMESTAMPDIFF(MINUTE, first_trigger_time, NOW()) >= ? ORDER BY first_trigger_time ASC
2025-12-31 14:17:37.471 DEBUG [N/A] [MessageBroker-2] c.m.b.m.A.findNeedEscalation - ==> Parameters: 30(Integer)
2025-12-31 14:17:37.476 DEBUG [N/A] [MessageBroker-2] c.m.b.m.A.findNeedEscalation - <==      Total: 0
2025-12-31 14:17:37.478 DEBUG [N/A] [MessageBroker-3] c.m.b.s.PerformanceMetricsService - Job workflowDataExtractionJob 当前运行数: 0
2025-12-31 14:18:17.125 DEBUG [N/A] [SpringApplicationShutdownHook] org.springframework.web.SimpLogging - clientOutboundChannel removed SubProtocolWebSocketHandler[StompSubProtocolHandler[v10.stomp, v11.stomp, v12.stomp]]
2025-12-31 14:18:17.126 DEBUG [N/A] [SpringApplicationShutdownHook] org.springframework.web.SimpLogging - clientInboundChannel removed WebSocketAnnotationMethodMessageHandler[prefixes=[/app/]]
2025-12-31 14:18:17.126 INFO  [N/A] [SpringApplicationShutdownHook] o.s.m.s.b.SimpleBrokerMessageHandler - Stopping...
2025-12-31 14:18:17.126 INFO  [N/A] [SpringApplicationShutdownHook] o.s.m.s.b.SimpleBrokerMessageHandler - BrokerAvailabilityEvent[available=false, SimpleBrokerMessageHandler [org.springframework.messaging.simp.broker.DefaultSubscriptionRegistry@27f8f1cc]]
2025-12-31 14:18:17.126 DEBUG [N/A] [SpringApplicationShutdownHook] org.springframework.web.SimpLogging - clientInboundChannel removed SimpleBrokerMessageHandler [org.springframework.messaging.simp.broker.DefaultSubscriptionRegistry@27f8f1cc]
2025-12-31 14:18:17.126 DEBUG [N/A] [SpringApplicationShutdownHook] org.springframework.web.SimpLogging - brokerChannel removed SimpleBrokerMessageHandler [org.springframework.messaging.simp.broker.DefaultSubscriptionRegistry@27f8f1cc]
2025-12-31 14:18:17.126 INFO  [N/A] [SpringApplicationShutdownHook] o.s.m.s.b.SimpleBrokerMessageHandler - Stopped.
2025-12-31 14:18:17.126 DEBUG [N/A] [SpringApplicationShutdownHook] org.springframework.web.SimpLogging - clientInboundChannel removed UserDestinationMessageHandler[DefaultUserDestinationResolver[prefix=/user/]]
2025-12-31 14:18:17.126 DEBUG [N/A] [SpringApplicationShutdownHook] org.springframework.web.SimpLogging - brokerChannel removed UserDestinationMessageHandler[DefaultUserDestinationResolver[prefix=/user/]]
2025-12-31 14:18:17.126 INFO  [N/A] [SpringApplicationShutdownHook] org.quartz.core.QuartzScheduler - Scheduler quartzScheduler_$_NON_CLUSTERED paused.
2025-12-31 14:18:28.163 INFO  [N/A] [SpringApplicationShutdownHook] o.s.s.quartz.SchedulerFactoryBean - Shutting down Quartz Scheduler
2025-12-31 14:18:28.163 INFO  [N/A] [SpringApplicationShutdownHook] org.quartz.core.QuartzScheduler - Scheduler quartzScheduler_$_NON_CLUSTERED shutting down.
2025-12-31 14:18:28.163 INFO  [N/A] [SpringApplicationShutdownHook] org.quartz.core.QuartzScheduler - Scheduler quartzScheduler_$_NON_CLUSTERED paused.
2025-12-31 14:18:28.163 INFO  [N/A] [SpringApplicationShutdownHook] org.quartz.core.QuartzScheduler - Scheduler quartzScheduler_$_NON_CLUSTERED shutdown complete.
2025-12-31 14:18:28.180 INFO  [N/A] [SpringApplicationShutdownHook] com.zaxxer.hikari.HikariDataSource - HikariPool-1 - Shutdown initiated...
2025-12-31 14:18:28.194 INFO  [N/A] [SpringApplicationShutdownHook] com.zaxxer.hikari.HikariDataSource - HikariPool-1 - Shutdown completed.
